// Jest Snapshot v1, https://goo.gl/fbAQLP

exports[`f/m/select/render/searchResult should math to Snapshot 1`] = `
<TableRows
  data={
    Object {
      "h": "b",
    }
  }
/>
`;
