// Jest Snapshot v1, https://goo.gl/fbAQLP

exports[`render/source/option should match to Snapshot 1`] = `
Array [
  "lorem_0_[object Object]",
  "lorem_1_[object Object]",
]
`;
